// Jest Snapshot v1, https://goo.gl/fbAQLP

exports[`<SearchResult /> component tests renders 1`] = `
<Tile
  className="container"
>
  <figure
    className="figure"
  >
    <LazyImage
      aspectRatio="16/9"
      height={200}
      placeholderImage={[Function]}
      width={200}
    />
    <figcaption
      className="figcaption"
    />
  </figure>
</Tile>
`;
