// Jest Snapshot v1, https://goo.gl/fbAQLP

exports[`<Search /> component tests renders 1`] = `
<div
  className="container"
>
  <SearchForm
    error=""
    onSubmit={[Function]}
  />
  <div
    aria-labelledby={null}
    className="resultsGrid"
  >
    <div
      className="noResultsMsg"
    />
  </div>
</div>
`;
