// Jest Snapshot v1, https://goo.gl/fbAQLP

exports[`<LazyImage /> component tests renders with a placeholder 1`] = `
<Landscape
  className="placeholderImage"
  style={
    Object {
      "--height": "auto",
    }
  }
/>
`;

exports[`<LazyImage /> component tests renders with an image 1`] = `
<Landscape
  className="placeholderImage"
  style={
    Object {
      "--height": "auto",
    }
  }
/>
`;
